// Jest Snapshot v1, https://goo.gl/fbAQLP

exports[`Label should have DOM structure matches 1`] = `<div />`;
