// Jest Snapshot v1, https://goo.gl/fbAQLP

exports[`Column should plot column 1`] = `
<div
  style="width: 300px; height: 300px;"
>
  <svg
    class="baseSVG"
    height="100%"
    preserveAspectRatio="xMinYMin meet"
    viewBox="0 0 1000 700"
    width="100%"
  >
    <g
      class="canvas"
    >
      <rect
        class="graphArea"
        fill="#fff"
        fill-opacity="1"
        height="700"
        rx="0"
        ry="0"
        stroke="#00c"
        stroke-dasharray="none"
        stroke-opacity="1"
        stroke-width="1"
        width="1000"
        x="0"
        y="0"
      />
    </g>
    <g
      class="grids"
    >
      <g
        class="hor-major-Grid"
        fill-opacity="0"
        stroke="#444"
        stroke-dasharray="none"
        stroke-opacity="1"
        stroke-width="1"
      >
        <line
          x1="20"
          x2="980"
          y1="670"
          y2="670"
        />
        <line
          x1="20"
          x2="980"
          y1="345"
          y2="345"
        />
        <line
          x1="20"
          x2="980"
          y1="20"
          y2="20"
        />
      </g>
      <g
        class="hor-minor-Grid"
        fill-opacity="0"
        stroke="#eee"
        stroke-dasharray="none"
        stroke-opacity="1"
        stroke-width="1"
      >
        <line
          x1="20"
          x2="980"
          y1="670"
          y2="670"
        />
        <line
          x1="20"
          x2="980"
          y1="605"
          y2="605"
        />
        <line
          x1="20"
          x2="980"
          y1="540"
          y2="540"
        />
        <line
          x1="20"
          x2="980"
          y1="475"
          y2="475"
        />
        <line
          x1="20"
          x2="980"
          y1="410"
          y2="410"
        />
        <line
          x1="20"
          x2="980"
          y1="345"
          y2="345"
        />
        <line
          x1="20"
          x2="980"
          y1="280"
          y2="280"
        />
        <line
          x1="20"
          x2="980"
          y1="215"
          y2="215"
        />
        <line
          x1="20"
          x2="980"
          y1="150"
          y2="150"
        />
        <line
          x1="20"
          x2="980"
          y1="85"
          y2="85"
        />
        <line
          x1="20"
          x2="980"
          y1="20"
          y2="20"
        />
      </g>
      <g
        class="ver-major-Grid"
      />
      <g
        class="ver-minor-Grid"
      />
    </g>
    <g
      class="axes"
      color="currentColor"
    >
      <g
        class="horAxis"
        color="currentColor"
        fill="currentColor"
        fill-opacity="0"
        font-family="sans-serif"
        font-size="16px"
        font-style="normal"
        font-weight="100"
        stroke="currentColor"
        stroke-dasharray="none"
        stroke-opacity="1"
        stroke-width="1"
        text-anchor="middle"
        transform="translate(24, 345)"
      >
        <path
          class="domain"
          d="M20.5,5V0.5H980.5V5"
          stroke="currentColor"
        />
        <g
          class="tick"
          opacity="1"
          transform="translate(100,0)"
        >
          <line
            fill-opacity="0"
            stroke="currentColor"
            stroke-dasharray="none"
            stroke-opacity="1"
            stroke-width="2"
            y2="5"
          />
          <text
            dy="0.71em"
            fill="currentColor"
            y="8"
          >
            CA
          </text>
        </g>
        <g
          class="tick"
          opacity="1"
          transform="translate(260,0)"
        >
          <line
            fill-opacity="0"
            stroke="currentColor"
            stroke-dasharray="none"
            stroke-opacity="1"
            stroke-width="2"
            y2="5"
          />
          <text
            dy="0.71em"
            fill="currentColor"
            y="8"
          >
            MA
          </text>
        </g>
        <g
          class="tick"
          opacity="1"
          transform="translate(420,0)"
        >
          <line
            fill-opacity="0"
            stroke="currentColor"
            stroke-dasharray="none"
            stroke-opacity="1"
            stroke-width="2"
            y2="5"
          />
          <text
            dy="0.71em"
            fill="currentColor"
            y="8"
          >
            FL
          </text>
        </g>
        <g
          class="tick"
          opacity="1"
          transform="translate(580,0)"
        >
          <line
            fill-opacity="0"
            stroke="currentColor"
            stroke-dasharray="none"
            stroke-opacity="1"
            stroke-width="2"
            y2="5"
          />
          <text
            dy="0.71em"
            fill="currentColor"
            y="8"
          >
            SC
          </text>
        </g>
        <g
          class="tick"
          opacity="1"
          transform="translate(740,0)"
        >
          <line
            fill-opacity="0"
            stroke="currentColor"
            stroke-dasharray="none"
            stroke-opacity="1"
            stroke-width="2"
            y2="5"
          />
          <text
            dy="0.71em"
            fill="currentColor"
            y="8"
          >
            NV
          </text>
        </g>
        <g
          class="tick"
          opacity="1"
          transform="translate(900,0)"
        >
          <line
            fill-opacity="0"
            stroke="currentColor"
            stroke-dasharray="none"
            stroke-opacity="1"
            stroke-width="2"
            y2="5"
          />
          <text
            dy="0.71em"
            fill="currentColor"
            y="8"
          >
            NC
          </text>
        </g>
      </g>
      <g
        class="verAxis"
        color="currentColor"
        fill="currentColor"
        fill-opacity="0"
        font-family="sans-serif"
        font-size="16px"
        font-style="normal"
        font-weight="100"
        stroke="currentColor"
        stroke-dasharray="none"
        stroke-opacity="1"
        stroke-width="1"
        text-anchor="end"
        transform="translate(44, 0)"
      >
        <path
          class="domain"
          d="M-5,670.5H0.5V20.5H-5"
          stroke="currentColor"
        />
        <g
          class="tick"
          opacity="1"
          transform="translate(0,670.5)"
        >
          <line
            fill-opacity="0"
            stroke="currentColor"
            stroke-dasharray="none"
            stroke-opacity="1"
            stroke-width="2"
            x2="-5"
          />
          <text
            dy="0.32em"
            fill="currentColor"
            x="-8"
          >
            âˆ’1
          </text>
        </g>
        <g
          class="tick"
          opacity="1"
          transform="translate(0,345.5)"
        >
          <line
            fill-opacity="0"
            stroke="currentColor"
            stroke-dasharray="none"
            stroke-opacity="1"
            stroke-width="2"
            x2="-5"
          />
          <text
            dy="0.32em"
            fill="currentColor"
            x="-8"
          >
            0
          </text>
        </g>
        <g
          class="tick"
          opacity="1"
          transform="translate(0,20.5)"
        >
          <line
            fill-opacity="0"
            stroke="currentColor"
            stroke-dasharray="none"
            stroke-opacity="1"
            stroke-width="2"
            x2="-5"
          />
          <text
            dy="0.32em"
            fill="currentColor"
            x="-8"
          >
            1
          </text>
        </g>
      </g>
    </g>
    <g
      class="title"
    >
      <text />
    </g>
    <g
      class="series"
    >
      <g
        class="series0"
        style="color: rgb(27, 158, 119);"
      >
        <g
          class="line"
          fill-opacity="0"
          stroke="currentColor"
          stroke-dasharray="none"
          stroke-opacity="1"
          stroke-width="1"
        >
          <path
            class="popup"
            d="M68 670L96 670L228 280L256 280L388 215L416 215L548 150L576 150L708 85L736 85L868 20L896 20"
          />
        </g>
        <g
          class="markers"
          fill="currentColor"
          fill-opacity="0.75"
        >
          <rect
            class="popup"
            height="325"
            width="28"
            x="68"
            y="345"
          />
          <rect
            class="popup"
            color="#2ca02c"
            height="65"
            width="28"
            x="228"
            y="280"
          />
          <rect
            class="popup"
            color="#9467bd"
            height="130"
            width="28"
            x="388"
            y="215"
          />
          <rect
            class="popup"
            color="#e377c2"
            height="195"
            width="28"
            x="548"
            y="150"
          />
          <rect
            class="popup"
            color="#bcbd22"
            height="260"
            width="28"
            x="708"
            y="85"
          />
          <rect
            class="popup"
            height="325"
            width="28"
            x="868"
            y="20"
          />
        </g>
        <g
          class="label"
          fill="#000"
          font-family="sans-serif"
          font-size="16px"
          font-style="normal"
          font-weight="100"
        >
          <text
            class="popup"
            dominant-baseline="middle"
            dx="0.0em"
            dy="0.0em"
            text-anchor="middle"
            x="82"
            y="507.5"
          >
            CA
          </text>
          <text
            class="popup"
            dominant-baseline="middle"
            dx="0.0em"
            dy="0.0em"
            text-anchor="middle"
            x="242"
            y="312.5"
          >
            MA
          </text>
          <text
            class="popup"
            dominant-baseline="middle"
            dx="0.0em"
            dy="0.0em"
            text-anchor="middle"
            x="402"
            y="280"
          >
            FL
          </text>
          <text
            class="popup"
            dominant-baseline="middle"
            dx="0.0em"
            dy="0.0em"
            text-anchor="middle"
            x="562"
            y="247.5"
          >
            SC
          </text>
          <text
            class="popup"
            dominant-baseline="middle"
            dx="0.0em"
            dy="0.0em"
            text-anchor="middle"
            x="722"
            y="215"
          >
            NV
          </text>
          <text
            class="popup"
            dominant-baseline="middle"
            dx="0.0em"
            dy="0.0em"
            text-anchor="middle"
            x="882"
            y="182.5"
          >
            NC
          </text>
        </g>
      </g>
      <g
        class="series1"
        style="color: rgb(217, 95, 2);"
      >
        <g
          class="markers"
          fill="currentColor"
          fill-opacity="0.75"
        >
          <rect
            class="popup"
            color="rgb(247, 252, 245)"
            height="325"
            width="28"
            x="96"
            y="345"
          />
          <rect
            class="popup"
            color="rgb(218, 241, 213)"
            height="65"
            width="28"
            x="256"
            y="280"
          />
          <rect
            class="popup"
            color="rgb(173, 222, 167)"
            height="130"
            width="28"
            x="416"
            y="215"
          />
          <rect
            class="popup"
            color="rgb(115, 195, 120)"
            height="195"
            width="28"
            x="576"
            y="150"
          />
          <rect
            class="popup"
            color="rgb(56, 160, 85)"
            height="260"
            width="28"
            x="736"
            y="85"
          />
          <rect
            class="popup"
            color="rgb(13, 118, 53)"
            height="325"
            width="28"
            x="896"
            y="20"
          />
        </g>
      </g>
      <g
        class="series2"
        style="color: rgb(117, 112, 179);"
      >
        <g
          class="markers"
          fill="currentColor"
          fill-opacity="0.75"
        >
          <rect
            class="popup"
            color="#8c564b"
            height="325"
            width="28"
            x="124"
            y="345"
          />
          <rect
            class="popup"
            color="#8c564b"
            height="65"
            width="28"
            x="284"
            y="280"
          />
          <rect
            class="popup"
            color="#8c564b"
            height="130"
            width="28"
            x="444"
            y="215"
          />
          <rect
            class="popup"
            color="#8c564b"
            height="195"
            width="28"
            x="604"
            y="150"
          />
          <rect
            class="popup"
            color="#8c564b"
            height="260"
            width="28"
            x="764"
            y="85"
          />
          <rect
            class="popup"
            color="#8c564b"
            height="325"
            width="28"
            x="924"
            y="20"
          />
        </g>
      </g>
      <g
        class="series3"
        style="color: rgb(231, 41, 138);"
      >
        <g
          class="markers"
          fill="currentColor"
          fill-opacity="0.75"
        >
          <rect
            class="popup"
            color="#1f77b4"
            height="325"
            width="28"
            x="152"
            y="345"
          />
          <rect
            class="popup"
            color="#ff7f0e"
            height="65"
            width="28"
            x="312"
            y="280"
          />
          <rect
            class="popup"
            color="#2ca02c"
            height="130"
            width="28"
            x="472"
            y="215"
          />
          <rect
            class="popup"
            color="#d62728"
            height="195"
            width="28"
            x="632"
            y="150"
          />
          <rect
            class="popup"
            color="#9467bd"
            height="260"
            width="28"
            x="792"
            y="85"
          />
          <rect
            class="popup"
            color="#8c564b"
            height="325"
            width="28"
            x="952"
            y="20"
          />
        </g>
      </g>
    </g>
    <g
      class="popup"
    />
    <style>
      .popup:hover { filter: brightness(0.8);}
    </style>
  </svg>
</div>
`;
