// Jest Snapshot v1, https://goo.gl/fbAQLP

exports[`TimeSeries should plot timeSeries 1`] = `
<div
  style="width: 300px; height: 300px;"
>
  <svg
    class="baseSVG"
    height="100%"
    preserveAspectRatio="xMinYMin meet"
    viewBox="0 0 1000 700"
    width="100%"
  >
    <g
      class="canvas"
    >
      <rect
        class="graphArea"
        fill="#fff"
        fill-opacity="1"
        height="700"
        rx="0"
        ry="0"
        stroke="#00c"
        stroke-opacity="1"
        stroke-width="1"
        width="1000"
      />
    </g>
    <g
      class="grids"
    >
      <g
        class="hor-major-Grid"
        fill-opacity="0"
        stroke="#444"
        stroke-opacity="1"
        stroke-width="1"
      >
        <line
          x1="20"
          x2="980"
          y1="493.0769230769231"
          y2="493.0769230769231"
        />
        <line
          x1="20"
          x2="980"
          y1="246.9230769230769"
          y2="246.9230769230769"
        />
      </g>
      <g
        class="hor-minor-Grid"
        fill-opacity="0"
        stroke="#eee"
        stroke-opacity="1"
        stroke-width="1"
      >
        <line
          x1="20"
          x2="980"
          y1="690"
          y2="690"
        />
        <line
          x1="20"
          x2="980"
          y1="640.7692307692307"
          y2="640.7692307692307"
        />
        <line
          x1="20"
          x2="980"
          y1="591.5384615384615"
          y2="591.5384615384615"
        />
        <line
          x1="20"
          x2="980"
          y1="542.3076923076923"
          y2="542.3076923076923"
        />
        <line
          x1="20"
          x2="980"
          y1="493.0769230769231"
          y2="493.0769230769231"
        />
        <line
          x1="20"
          x2="980"
          y1="443.8461538461538"
          y2="443.8461538461538"
        />
        <line
          x1="20"
          x2="980"
          y1="394.6153846153846"
          y2="394.6153846153846"
        />
        <line
          x1="20"
          x2="980"
          y1="345.3846153846154"
          y2="345.3846153846154"
        />
        <line
          x1="20"
          x2="980"
          y1="296.15384615384613"
          y2="296.15384615384613"
        />
        <line
          x1="20"
          x2="980"
          y1="246.9230769230769"
          y2="246.9230769230769"
        />
        <line
          x1="20"
          x2="980"
          y1="197.69230769230768"
          y2="197.69230769230768"
        />
        <line
          x1="20"
          x2="980"
          y1="148.46153846153845"
          y2="148.46153846153845"
        />
        <line
          x1="20"
          x2="980"
          y1="99.23076923076917"
          y2="99.23076923076917"
        />
        <line
          x1="20"
          x2="980"
          y1="50"
          y2="50"
        />
      </g>
      <g
        class="ver-major-Grid"
        fill-opacity="0"
        stroke="#444"
        stroke-opacity="1"
        stroke-width="1"
      >
        <line
          x1="651.2328767123288"
          x2="651.2328767123288"
          y1="690"
          y2="50"
        />
      </g>
      <g
        class="ver-minor-Grid"
        fill-opacity="0"
        stroke="#eee"
        stroke-opacity="1"
        stroke-width="1"
      >
        <line
          x1="125.2054794520548"
          x2="125.2054794520548"
          y1="690"
          y2="50"
        />
        <line
          x1="256.71232876712327"
          x2="256.71232876712327"
          y1="690"
          y2="50"
        />
        <line
          x1="388.2191780821918"
          x2="388.2191780821918"
          y1="690"
          y2="50"
        />
        <line
          x1="519.7260273972602"
          x2="519.7260273972602"
          y1="690"
          y2="50"
        />
        <line
          x1="651.2328767123288"
          x2="651.2328767123288"
          y1="690"
          y2="50"
        />
        <line
          x1="782.7397260273972"
          x2="782.7397260273972"
          y1="690"
          y2="50"
        />
        <line
          x1="914.2465753424657"
          x2="914.2465753424657"
          y1="690"
          y2="50"
        />
      </g>
    </g>
    <g
      class="axes"
      color="#000"
    >
      <g
        class="horAxis"
        color="currentColor"
        fill="none"
        fill-opacity="0"
        font-family="sans-serif"
        font-size="10"
        font-style="normal"
        font-weight="100"
        stroke="currentColor"
        stroke-opacity="1"
        stroke-width="1"
        text-anchor="middle"
        transform="translate(0, 680)"
      >
        <path
          class="domain"
          d="M20.5,-5V0.5H980.5V-5"
          stroke="currentColor"
        />
        <g
          class="tick"
          opacity="1"
          transform="translate(125.7054794520548,0)"
        >
          <line
            stroke="currentColor"
            y2="-5"
          />
          <text
            dy="0em"
            fill="currentColor"
            fill-opacity="0"
            stroke="currentColor"
            y="-8"
          >
            1
          </text>
        </g>
        <g
          class="tick"
          opacity="1"
          transform="translate(257.21232876712327,0)"
        >
          <line
            stroke="currentColor"
            y2="-5"
          />
          <text
            dy="0em"
            fill="currentColor"
            fill-opacity="0"
            stroke="currentColor"
            y="-8"
          >
            2
          </text>
        </g>
        <g
          class="tick"
          opacity="1"
          transform="translate(388.7191780821918,0)"
        >
          <line
            stroke="currentColor"
            y2="-5"
          />
          <text
            dy="0em"
            fill="currentColor"
            fill-opacity="0"
            stroke="currentColor"
            y="-8"
          >
            3
          </text>
        </g>
        <g
          class="tick"
          opacity="1"
          transform="translate(520.2260273972602,0)"
        >
          <line
            stroke="currentColor"
            y2="-5"
          />
          <text
            dy="0em"
            fill="currentColor"
            fill-opacity="0"
            stroke="currentColor"
            y="-8"
          >
            4
          </text>
        </g>
        <g
          class="tick"
          opacity="1"
          transform="translate(651.7328767123288,0)"
        >
          <line
            stroke="currentColor"
            y2="-5"
          />
          <text
            dy="0em"
            fill="currentColor"
            fill-opacity="0"
            stroke="currentColor"
            y="-8"
          >
            5
          </text>
        </g>
        <g
          class="tick"
          opacity="1"
          transform="translate(783.2397260273972,0)"
        >
          <line
            stroke="currentColor"
            y2="-5"
          />
          <text
            dy="0em"
            fill="currentColor"
            fill-opacity="0"
            stroke="currentColor"
            y="-8"
          >
            6
          </text>
        </g>
        <g
          class="tick"
          opacity="1"
          transform="translate(914.7465753424657,0)"
        >
          <line
            stroke="currentColor"
            y2="-5"
          />
          <text
            dy="0em"
            fill="currentColor"
            fill-opacity="0"
            stroke="currentColor"
            y="-8"
          >
            7
          </text>
        </g>
      </g>
      <g
        class="verAxis"
        color="currentColor"
        fill="none"
        fill-opacity="0"
        font-family="sans-serif"
        font-size="10"
        font-style="normal"
        font-weight="100"
        stroke="currentColor"
        stroke-opacity="1"
        stroke-width="1"
        text-anchor="start"
        transform="translate(50, 0)"
      >
        <path
          class="domain"
          d="M5,690.5H0.5V50.5H5"
          stroke="currentColor"
        />
        <g
          class="tick"
          opacity="1"
          transform="translate(0,690.5)"
        >
          <line
            stroke="currentColor"
            x2="5"
          />
          <text
            dy="0.32em"
            fill="currentColor"
            fill-opacity="0"
            stroke="currentColor"
            x="8"
          >
            2
          </text>
        </g>
        <g
          class="tick"
          opacity="1"
          transform="translate(0,641.2692307692307)"
        >
          <line
            stroke="currentColor"
            x2="5"
          />
          <text
            dy="0.32em"
            fill="currentColor"
            fill-opacity="0"
            stroke="currentColor"
            x="8"
          >
            4
          </text>
        </g>
        <g
          class="tick"
          opacity="1"
          transform="translate(0,592.0384615384615)"
        >
          <line
            stroke="currentColor"
            x2="5"
          />
          <text
            dy="0.32em"
            fill="currentColor"
            fill-opacity="0"
            stroke="currentColor"
            x="8"
          >
            6
          </text>
        </g>
        <g
          class="tick"
          opacity="1"
          transform="translate(0,542.8076923076923)"
        >
          <line
            stroke="currentColor"
            x2="5"
          />
          <text
            dy="0.32em"
            fill="currentColor"
            fill-opacity="0"
            stroke="currentColor"
            x="8"
          >
            8
          </text>
        </g>
        <g
          class="tick"
          opacity="1"
          transform="translate(0,493.5769230769231)"
        >
          <line
            stroke="currentColor"
            x2="5"
          />
          <text
            dy="0.32em"
            fill="currentColor"
            fill-opacity="0"
            stroke="currentColor"
            x="8"
          >
            10
          </text>
        </g>
        <g
          class="tick"
          opacity="1"
          transform="translate(0,444.3461538461538)"
        >
          <line
            stroke="currentColor"
            x2="5"
          />
          <text
            dy="0.32em"
            fill="currentColor"
            fill-opacity="0"
            stroke="currentColor"
            x="8"
          >
            12
          </text>
        </g>
        <g
          class="tick"
          opacity="1"
          transform="translate(0,395.1153846153846)"
        >
          <line
            stroke="currentColor"
            x2="5"
          />
          <text
            dy="0.32em"
            fill="currentColor"
            fill-opacity="0"
            stroke="currentColor"
            x="8"
          >
            14
          </text>
        </g>
        <g
          class="tick"
          opacity="1"
          transform="translate(0,345.8846153846154)"
        >
          <line
            stroke="currentColor"
            x2="5"
          />
          <text
            dy="0.32em"
            fill="currentColor"
            fill-opacity="0"
            stroke="currentColor"
            x="8"
          >
            16
          </text>
        </g>
        <g
          class="tick"
          opacity="1"
          transform="translate(0,296.65384615384613)"
        >
          <line
            stroke="currentColor"
            x2="5"
          />
          <text
            dy="0.32em"
            fill="currentColor"
            fill-opacity="0"
            stroke="currentColor"
            x="8"
          >
            18
          </text>
        </g>
        <g
          class="tick"
          opacity="1"
          transform="translate(0,247.4230769230769)"
        >
          <line
            stroke="currentColor"
            x2="5"
          />
          <text
            dy="0.32em"
            fill="currentColor"
            fill-opacity="0"
            stroke="currentColor"
            x="8"
          >
            20
          </text>
        </g>
        <g
          class="tick"
          opacity="1"
          transform="translate(0,198.19230769230768)"
        >
          <line
            stroke="currentColor"
            x2="5"
          />
          <text
            dy="0.32em"
            fill="currentColor"
            fill-opacity="0"
            stroke="currentColor"
            x="8"
          >
            22
          </text>
        </g>
        <g
          class="tick"
          opacity="1"
          transform="translate(0,148.96153846153845)"
        >
          <line
            stroke="currentColor"
            x2="5"
          />
          <text
            dy="0.32em"
            fill="currentColor"
            fill-opacity="0"
            stroke="currentColor"
            x="8"
          >
            24
          </text>
        </g>
        <g
          class="tick"
          opacity="1"
          transform="translate(0,99.73076923076917)"
        >
          <line
            stroke="currentColor"
            x2="5"
          />
          <text
            dy="0.32em"
            fill="currentColor"
            fill-opacity="0"
            stroke="currentColor"
            x="8"
          >
            26
          </text>
        </g>
        <g
          class="tick"
          opacity="1"
          transform="translate(0,50.5)"
        >
          <line
            stroke="currentColor"
            x2="5"
          />
          <text
            dy="0.32em"
            fill="currentColor"
            fill-opacity="0"
            stroke="currentColor"
            x="8"
          >
            28
          </text>
        </g>
      </g>
    </g>
    <g
      class="series"
    />
    <g
      class="series0"
    >
      <g
        class="lines"
        fill-opacity="0"
        stroke="currentColor"
        stroke-opacity="1"
        stroke-width="5"
      >
        <path
          d="M-137.8082191780822,370C-137.8082191780822,370,-67.67123287671234,743.3333333333334,20.000000000000007,690C107.67123287671234,636.6666666666666,228.21917808219177,95.12820512820512,388.2191780821918,50C548.2191780821918,4.871794871794876,980,419.2307692307692,980,419.2307692307692"
          transform="translate(0)"
        />
      </g>
      <g
        class="markers"
        fill="#F00"
        fill-opacity="1"
        stroke="currentColor"
        stroke-opacity="1"
        stroke-width="4"
      >
        <circle
          cx="-137.8082191780822"
          cy="370"
          r="10"
          transform="translate(0)"
        />
        <circle
          cx="20.000000000000007"
          cy="690"
          r="10"
          transform="translate(0)"
        />
        <circle
          cx="388.2191780821918"
          cy="50"
          r="10"
          transform="translate(0)"
        />
        <circle
          cx="980"
          cy="419.2307692307692"
          r="10"
          transform="translate(0)"
        />
      </g>
    </g>
  </svg>
</div>
`;
